

================================================================
== Vitis HLS Report for 'mandelbrot_compute'
================================================================
* Date:           Wed Dec 11 17:29:07 2024

* Version:        2022.1 (Build 3526262 on Mon Apr 18 15:47:01 MDT 2022)
* Project:        out.prj
* Solution:       solution1 (Vivado IP Flow Target)
* Product family: virtexuplus
* Target device:  xcu280-fsvh2892-2L-e


================================================================
== Performance Estimates
================================================================
+ Timing: 
    * Summary: 
    +--------+---------+----------+------------+
    |  Clock |  Target | Estimated| Uncertainty|
    +--------+---------+----------+------------+
    |ap_clk  |  3.33 ns|  6.395 ns|     0.90 ns|
    +--------+---------+----------+------------+

+ Latency: 
    * Summary: 
    +---------+---------+----------+----------+--------+--------+---------+
    |  Latency (cycles) |  Latency (absolute) |     Interval    | Pipeline|
    |   min   |   max   |    min   |    max   |   min  |   max  |   Type  |
    +---------+---------+----------+----------+--------+--------+---------+
    |   932409|   932409|  5.963 ms|  5.963 ms|  932410|  932410|       no|
    +---------+---------+----------+----------+--------+--------+---------+

    + Detail: 
        * Instance: 
        +--------------------------------------------------------------+-------------------------------------------------+---------+---------+-----------+-----------+------+------+---------+
        |                                                              |                                                 |  Latency (cycles) |   Latency (absolute)  |   Interval  | Pipeline|
        |                           Instance                           |                      Module                     |   min   |   max   |    min    |    max    |  min |  max |   Type  |
        +--------------------------------------------------------------+-------------------------------------------------+---------+---------+-----------+-----------+------+------+---------+
        |grp_mandelbrot_compute_Pipeline_l_S_count1_0_count1_fu_40829  |mandelbrot_compute_Pipeline_l_S_count1_0_count1  |     3003|     3003|  19.204 us|  19.204 us|  3003|  3003|       no|
        +--------------------------------------------------------------+-------------------------------------------------+---------+---------+-----------+-----------+------+------+---------+

        * Loop: 
        +--------------------------------------------------+---------+---------+----------+-----------+-----------+-------+----------+
        |                                                  |  Latency (cycles) | Iteration|  Initiation Interval  |  Trip |          |
        |                     Loop Name                    |   min   |   max   |  Latency |  achieved |   target  | Count | Pipelined|
        +--------------------------------------------------+---------+---------+----------+-----------+-----------+-------+----------+
        |- l_S_r_0_r_l_S_c_0_c                             |   902400|   902400|      3008|          -|          -|    300|        no|
        |- l_S_store_res0_store_res0_l_0_l_store_res0_l_1  |    30001|    30001|         3|          1|          1|  30000|       yes|
        +--------------------------------------------------+---------+---------+----------+-----------+-----------+-------+----------+



================================================================
== Utilization Estimates
================================================================
* Summary: 
+---------------------+---------+------+---------+---------+-----+
|         Name        | BRAM_18K|  DSP |    FF   |   LUT   | URAM|
+---------------------+---------+------+---------+---------+-----+
|DSP                  |        -|     -|        -|        -|    -|
|Expression           |        -|     -|        0|      397|    -|
|FIFO                 |        -|     -|        -|        -|    -|
|Instance             |        0|    18|     1630|    13071|    0|
|Memory               |        0|     -|     1200|     2700|    0|
|Multiplexer          |        -|     -|        -|    28330|    -|
|Register             |        -|     -|      295|        -|    -|
+---------------------+---------+------+---------+---------+-----+
|Total                |        0|    18|     3125|    44498|    0|
+---------------------+---------+------+---------+---------+-----+
|Available SLR        |     1344|  3008|   869120|   434560|  320|
+---------------------+---------+------+---------+---------+-----+
|Utilization SLR (%)  |        0|    ~0|       ~0|       10|    0|
+---------------------+---------+------+---------+---------+-----+
|Available            |     4032|  9024|  2607360|  1303680|  960|
+---------------------+---------+------+---------+---------+-----+
|Utilization (%)      |        0|    ~0|       ~0|        3|    0|
+---------------------+---------+------+---------+---------+-----+

+ Detail: 
    * Instance: 
    +--------------------------------------------------------------+-------------------------------------------------+---------+----+-----+-------+-----+
    |                           Instance                           |                      Module                     | BRAM_18K| DSP|  FF |  LUT  | URAM|
    +--------------------------------------------------------------+-------------------------------------------------+---------+----+-----+-------+-----+
    |control_s_axi_U                                               |control_s_axi                                    |        0|   0|  100|    168|    0|
    |gmem0_m_axi_U                                                 |gmem0_m_axi                                      |        0|   0|  652|    896|    0|
    |grp_mandelbrot_compute_Pipeline_l_S_count1_0_count1_fu_40829  |mandelbrot_compute_Pipeline_l_S_count1_0_count1  |        0|  18|  878|  10417|    0|
    |mux_3009_8_1_1_U10                                            |mux_3009_8_1_1                                   |        0|   0|    0|   1590|    0|
    +--------------------------------------------------------------+-------------------------------------------------+---------+----+-----+-------+-----+
    |Total                                                         |                                                 |        0|  18| 1630|  13071|    0|
    +--------------------------------------------------------------+-------------------------------------------------+---------+----+-----+-------+-----+

    * DSP: 
    N/A

    * Memory: 
    +------------+--------------------+---------+----+----+-----+------+-----+------+-------------+
    |   Memory   |       Module       | BRAM_18K| FF | LUT| URAM| Words| Bits| Banks| W*Bits*Banks|
    +------------+--------------------+---------+----+----+-----+------+-----+------+-------------+
    |buf0_U      |buf0_RAM_AUTO_1R1W  |        0|   4|   9|    0|   100|    4|     1|          400|
    |buf0_1_U    |buf0_RAM_AUTO_1R1W  |        0|   4|   9|    0|   100|    4|     1|          400|
    |buf0_2_U    |buf0_RAM_AUTO_1R1W  |        0|   4|   9|    0|   100|    4|     1|          400|
    |buf0_3_U    |buf0_RAM_AUTO_1R1W  |        0|   4|   9|    0|   100|    4|     1|          400|
    |buf0_4_U    |buf0_RAM_AUTO_1R1W  |        0|   4|   9|    0|   100|    4|     1|          400|
    |buf0_5_U    |buf0_RAM_AUTO_1R1W  |        0|   4|   9|    0|   100|    4|     1|          400|
    |buf0_6_U    |buf0_RAM_AUTO_1R1W  |        0|   4|   9|    0|   100|    4|     1|          400|
    |buf0_7_U    |buf0_RAM_AUTO_1R1W  |        0|   4|   9|    0|   100|    4|     1|          400|
    |buf0_8_U    |buf0_RAM_AUTO_1R1W  |        0|   4|   9|    0|   100|    4|     1|          400|
    |buf0_9_U    |buf0_RAM_AUTO_1R1W  |        0|   4|   9|    0|   100|    4|     1|          400|
    |buf0_10_U   |buf0_RAM_AUTO_1R1W  |        0|   4|   9|    0|   100|    4|     1|          400|
    |buf0_11_U   |buf0_RAM_AUTO_1R1W  |        0|   4|   9|    0|   100|    4|     1|          400|
    |buf0_12_U   |buf0_RAM_AUTO_1R1W  |        0|   4|   9|    0|   100|    4|     1|          400|
    |buf0_13_U   |buf0_RAM_AUTO_1R1W  |        0|   4|   9|    0|   100|    4|     1|          400|
    |buf0_14_U   |buf0_RAM_AUTO_1R1W  |        0|   4|   9|    0|   100|    4|     1|          400|
    |buf0_15_U   |buf0_RAM_AUTO_1R1W  |        0|   4|   9|    0|   100|    4|     1|          400|
    |buf0_16_U   |buf0_RAM_AUTO_1R1W  |        0|   4|   9|    0|   100|    4|     1|          400|
    |buf0_17_U   |buf0_RAM_AUTO_1R1W  |        0|   4|   9|    0|   100|    4|     1|          400|
    |buf0_18_U   |buf0_RAM_AUTO_1R1W  |        0|   4|   9|    0|   100|    4|     1|          400|
    |buf0_19_U   |buf0_RAM_AUTO_1R1W  |        0|   4|   9|    0|   100|    4|     1|          400|
    |buf0_20_U   |buf0_RAM_AUTO_1R1W  |        0|   4|   9|    0|   100|    4|     1|          400|
    |buf0_21_U   |buf0_RAM_AUTO_1R1W  |        0|   4|   9|    0|   100|    4|     1|          400|
    |buf0_22_U   |buf0_RAM_AUTO_1R1W  |        0|   4|   9|    0|   100|    4|     1|          400|
    |buf0_23_U   |buf0_RAM_AUTO_1R1W  |        0|   4|   9|    0|   100|    4|     1|          400|
    |buf0_24_U   |buf0_RAM_AUTO_1R1W  |        0|   4|   9|    0|   100|    4|     1|          400|
    |buf0_25_U   |buf0_RAM_AUTO_1R1W  |        0|   4|   9|    0|   100|    4|     1|          400|
    |buf0_26_U   |buf0_RAM_AUTO_1R1W  |        0|   4|   9|    0|   100|    4|     1|          400|
    |buf0_27_U   |buf0_RAM_AUTO_1R1W  |        0|   4|   9|    0|   100|    4|     1|          400|
    |buf0_28_U   |buf0_RAM_AUTO_1R1W  |        0|   4|   9|    0|   100|    4|     1|          400|
    |buf0_29_U   |buf0_RAM_AUTO_1R1W  |        0|   4|   9|    0|   100|    4|     1|          400|
    |buf0_30_U   |buf0_RAM_AUTO_1R1W  |        0|   4|   9|    0|   100|    4|     1|          400|
    |buf0_31_U   |buf0_RAM_AUTO_1R1W  |        0|   4|   9|    0|   100|    4|     1|          400|
    |buf0_32_U   |buf0_RAM_AUTO_1R1W  |        0|   4|   9|    0|   100|    4|     1|          400|
    |buf0_33_U   |buf0_RAM_AUTO_1R1W  |        0|   4|   9|    0|   100|    4|     1|          400|
    |buf0_34_U   |buf0_RAM_AUTO_1R1W  |        0|   4|   9|    0|   100|    4|     1|          400|
    |buf0_35_U   |buf0_RAM_AUTO_1R1W  |        0|   4|   9|    0|   100|    4|     1|          400|
    |buf0_36_U   |buf0_RAM_AUTO_1R1W  |        0|   4|   9|    0|   100|    4|     1|          400|
    |buf0_37_U   |buf0_RAM_AUTO_1R1W  |        0|   4|   9|    0|   100|    4|     1|          400|
    |buf0_38_U   |buf0_RAM_AUTO_1R1W  |        0|   4|   9|    0|   100|    4|     1|          400|
    |buf0_39_U   |buf0_RAM_AUTO_1R1W  |        0|   4|   9|    0|   100|    4|     1|          400|
    |buf0_40_U   |buf0_RAM_AUTO_1R1W  |        0|   4|   9|    0|   100|    4|     1|          400|
    |buf0_41_U   |buf0_RAM_AUTO_1R1W  |        0|   4|   9|    0|   100|    4|     1|          400|
    |buf0_42_U   |buf0_RAM_AUTO_1R1W  |        0|   4|   9|    0|   100|    4|     1|          400|
    |buf0_43_U   |buf0_RAM_AUTO_1R1W  |        0|   4|   9|    0|   100|    4|     1|          400|
    |buf0_44_U   |buf0_RAM_AUTO_1R1W  |        0|   4|   9|    0|   100|    4|     1|          400|
    |buf0_45_U   |buf0_RAM_AUTO_1R1W  |        0|   4|   9|    0|   100|    4|     1|          400|
    |buf0_46_U   |buf0_RAM_AUTO_1R1W  |        0|   4|   9|    0|   100|    4|     1|          400|
    |buf0_47_U   |buf0_RAM_AUTO_1R1W  |        0|   4|   9|    0|   100|    4|     1|          400|
    |buf0_48_U   |buf0_RAM_AUTO_1R1W  |        0|   4|   9|    0|   100|    4|     1|          400|
    |buf0_49_U   |buf0_RAM_AUTO_1R1W  |        0|   4|   9|    0|   100|    4|     1|          400|
    |buf0_50_U   |buf0_RAM_AUTO_1R1W  |        0|   4|   9|    0|   100|    4|     1|          400|
    |buf0_51_U   |buf0_RAM_AUTO_1R1W  |        0|   4|   9|    0|   100|    4|     1|          400|
    |buf0_52_U   |buf0_RAM_AUTO_1R1W  |        0|   4|   9|    0|   100|    4|     1|          400|
    |buf0_53_U   |buf0_RAM_AUTO_1R1W  |        0|   4|   9|    0|   100|    4|     1|          400|
    |buf0_54_U   |buf0_RAM_AUTO_1R1W  |        0|   4|   9|    0|   100|    4|     1|          400|
    |buf0_55_U   |buf0_RAM_AUTO_1R1W  |        0|   4|   9|    0|   100|    4|     1|          400|
    |buf0_56_U   |buf0_RAM_AUTO_1R1W  |        0|   4|   9|    0|   100|    4|     1|          400|
    |buf0_57_U   |buf0_RAM_AUTO_1R1W  |        0|   4|   9|    0|   100|    4|     1|          400|
    |buf0_58_U   |buf0_RAM_AUTO_1R1W  |        0|   4|   9|    0|   100|    4|     1|          400|
    |buf0_59_U   |buf0_RAM_AUTO_1R1W  |        0|   4|   9|    0|   100|    4|     1|          400|
    |buf0_60_U   |buf0_RAM_AUTO_1R1W  |        0|   4|   9|    0|   100|    4|     1|          400|
    |buf0_61_U   |buf0_RAM_AUTO_1R1W  |        0|   4|   9|    0|   100|    4|     1|          400|
    |buf0_62_U   |buf0_RAM_AUTO_1R1W  |        0|   4|   9|    0|   100|    4|     1|          400|
    |buf0_63_U   |buf0_RAM_AUTO_1R1W  |        0|   4|   9|    0|   100|    4|     1|          400|
    |buf0_64_U   |buf0_RAM_AUTO_1R1W  |        0|   4|   9|    0|   100|    4|     1|          400|
    |buf0_65_U   |buf0_RAM_AUTO_1R1W  |        0|   4|   9|    0|   100|    4|     1|          400|
    |buf0_66_U   |buf0_RAM_AUTO_1R1W  |        0|   4|   9|    0|   100|    4|     1|          400|
    |buf0_67_U   |buf0_RAM_AUTO_1R1W  |        0|   4|   9|    0|   100|    4|     1|          400|
    |buf0_68_U   |buf0_RAM_AUTO_1R1W  |        0|   4|   9|    0|   100|    4|     1|          400|
    |buf0_69_U   |buf0_RAM_AUTO_1R1W  |        0|   4|   9|    0|   100|    4|     1|          400|
    |buf0_70_U   |buf0_RAM_AUTO_1R1W  |        0|   4|   9|    0|   100|    4|     1|          400|
    |buf0_71_U   |buf0_RAM_AUTO_1R1W  |        0|   4|   9|    0|   100|    4|     1|          400|
    |buf0_72_U   |buf0_RAM_AUTO_1R1W  |        0|   4|   9|    0|   100|    4|     1|          400|
    |buf0_73_U   |buf0_RAM_AUTO_1R1W  |        0|   4|   9|    0|   100|    4|     1|          400|
    |buf0_74_U   |buf0_RAM_AUTO_1R1W  |        0|   4|   9|    0|   100|    4|     1|          400|
    |buf0_75_U   |buf0_RAM_AUTO_1R1W  |        0|   4|   9|    0|   100|    4|     1|          400|
    |buf0_76_U   |buf0_RAM_AUTO_1R1W  |        0|   4|   9|    0|   100|    4|     1|          400|
    |buf0_77_U   |buf0_RAM_AUTO_1R1W  |        0|   4|   9|    0|   100|    4|     1|          400|
    |buf0_78_U   |buf0_RAM_AUTO_1R1W  |        0|   4|   9|    0|   100|    4|     1|          400|
    |buf0_79_U   |buf0_RAM_AUTO_1R1W  |        0|   4|   9|    0|   100|    4|     1|          400|
    |buf0_80_U   |buf0_RAM_AUTO_1R1W  |        0|   4|   9|    0|   100|    4|     1|          400|
    |buf0_81_U   |buf0_RAM_AUTO_1R1W  |        0|   4|   9|    0|   100|    4|     1|          400|
    |buf0_82_U   |buf0_RAM_AUTO_1R1W  |        0|   4|   9|    0|   100|    4|     1|          400|
    |buf0_83_U   |buf0_RAM_AUTO_1R1W  |        0|   4|   9|    0|   100|    4|     1|          400|
    |buf0_84_U   |buf0_RAM_AUTO_1R1W  |        0|   4|   9|    0|   100|    4|     1|          400|
    |buf0_85_U   |buf0_RAM_AUTO_1R1W  |        0|   4|   9|    0|   100|    4|     1|          400|
    |buf0_86_U   |buf0_RAM_AUTO_1R1W  |        0|   4|   9|    0|   100|    4|     1|          400|
    |buf0_87_U   |buf0_RAM_AUTO_1R1W  |        0|   4|   9|    0|   100|    4|     1|          400|
    |buf0_88_U   |buf0_RAM_AUTO_1R1W  |        0|   4|   9|    0|   100|    4|     1|          400|
    |buf0_89_U   |buf0_RAM_AUTO_1R1W  |        0|   4|   9|    0|   100|    4|     1|          400|
    |buf0_90_U   |buf0_RAM_AUTO_1R1W  |        0|   4|   9|    0|   100|    4|     1|          400|
    |buf0_91_U   |buf0_RAM_AUTO_1R1W  |        0|   4|   9|    0|   100|    4|     1|          400|
    |buf0_92_U   |buf0_RAM_AUTO_1R1W  |        0|   4|   9|    0|   100|    4|     1|          400|
    |buf0_93_U   |buf0_RAM_AUTO_1R1W  |        0|   4|   9|    0|   100|    4|     1|          400|
    |buf0_94_U   |buf0_RAM_AUTO_1R1W  |        0|   4|   9|    0|   100|    4|     1|          400|
    |buf0_95_U   |buf0_RAM_AUTO_1R1W  |        0|   4|   9|    0|   100|    4|     1|          400|
    |buf0_96_U   |buf0_RAM_AUTO_1R1W  |        0|   4|   9|    0|   100|    4|     1|          400|
    |buf0_97_U   |buf0_RAM_AUTO_1R1W  |        0|   4|   9|    0|   100|    4|     1|          400|
    |buf0_98_U   |buf0_RAM_AUTO_1R1W  |        0|   4|   9|    0|   100|    4|     1|          400|
    |buf0_99_U   |buf0_RAM_AUTO_1R1W  |        0|   4|   9|    0|   100|    4|     1|          400|
    |buf0_100_U  |buf0_RAM_AUTO_1R1W  |        0|   4|   9|    0|   100|    4|     1|          400|
    |buf0_101_U  |buf0_RAM_AUTO_1R1W  |        0|   4|   9|    0|   100|    4|     1|          400|
    |buf0_102_U  |buf0_RAM_AUTO_1R1W  |        0|   4|   9|    0|   100|    4|     1|          400|
    |buf0_103_U  |buf0_RAM_AUTO_1R1W  |        0|   4|   9|    0|   100|    4|     1|          400|
    |buf0_104_U  |buf0_RAM_AUTO_1R1W  |        0|   4|   9|    0|   100|    4|     1|          400|
    |buf0_105_U  |buf0_RAM_AUTO_1R1W  |        0|   4|   9|    0|   100|    4|     1|          400|
    |buf0_106_U  |buf0_RAM_AUTO_1R1W  |        0|   4|   9|    0|   100|    4|     1|          400|
    |buf0_107_U  |buf0_RAM_AUTO_1R1W  |        0|   4|   9|    0|   100|    4|     1|          400|
    |buf0_108_U  |buf0_RAM_AUTO_1R1W  |        0|   4|   9|    0|   100|    4|     1|          400|
    |buf0_109_U  |buf0_RAM_AUTO_1R1W  |        0|   4|   9|    0|   100|    4|     1|          400|
    |buf0_110_U  |buf0_RAM_AUTO_1R1W  |        0|   4|   9|    0|   100|    4|     1|          400|
    |buf0_111_U  |buf0_RAM_AUTO_1R1W  |        0|   4|   9|    0|   100|    4|     1|          400|
    |buf0_112_U  |buf0_RAM_AUTO_1R1W  |        0|   4|   9|    0|   100|    4|     1|          400|
    |buf0_113_U  |buf0_RAM_AUTO_1R1W  |        0|   4|   9|    0|   100|    4|     1|          400|
    |buf0_114_U  |buf0_RAM_AUTO_1R1W  |        0|   4|   9|    0|   100|    4|     1|          400|
    |buf0_115_U  |buf0_RAM_AUTO_1R1W  |        0|   4|   9|    0|   100|    4|     1|          400|
    |buf0_116_U  |buf0_RAM_AUTO_1R1W  |        0|   4|   9|    0|   100|    4|     1|          400|
    |buf0_117_U  |buf0_RAM_AUTO_1R1W  |        0|   4|   9|    0|   100|    4|     1|          400|
    |buf0_118_U  |buf0_RAM_AUTO_1R1W  |        0|   4|   9|    0|   100|    4|     1|          400|
    |buf0_119_U  |buf0_RAM_AUTO_1R1W  |        0|   4|   9|    0|   100|    4|     1|          400|
    |buf0_120_U  |buf0_RAM_AUTO_1R1W  |        0|   4|   9|    0|   100|    4|     1|          400|
    |buf0_121_U  |buf0_RAM_AUTO_1R1W  |        0|   4|   9|    0|   100|    4|     1|          400|
    |buf0_122_U  |buf0_RAM_AUTO_1R1W  |        0|   4|   9|    0|   100|    4|     1|          400|
    |buf0_123_U  |buf0_RAM_AUTO_1R1W  |        0|   4|   9|    0|   100|    4|     1|          400|
    |buf0_124_U  |buf0_RAM_AUTO_1R1W  |        0|   4|   9|    0|   100|    4|     1|          400|
    |buf0_125_U  |buf0_RAM_AUTO_1R1W  |        0|   4|   9|    0|   100|    4|     1|          400|
    |buf0_126_U  |buf0_RAM_AUTO_1R1W  |        0|   4|   9|    0|   100|    4|     1|          400|
    |buf0_127_U  |buf0_RAM_AUTO_1R1W  |        0|   4|   9|    0|   100|    4|     1|          400|
    |buf0_128_U  |buf0_RAM_AUTO_1R1W  |        0|   4|   9|    0|   100|    4|     1|          400|
    |buf0_129_U  |buf0_RAM_AUTO_1R1W  |        0|   4|   9|    0|   100|    4|     1|          400|
    |buf0_130_U  |buf0_RAM_AUTO_1R1W  |        0|   4|   9|    0|   100|    4|     1|          400|
    |buf0_131_U  |buf0_RAM_AUTO_1R1W  |        0|   4|   9|    0|   100|    4|     1|          400|
    |buf0_132_U  |buf0_RAM_AUTO_1R1W  |        0|   4|   9|    0|   100|    4|     1|          400|
    |buf0_133_U  |buf0_RAM_AUTO_1R1W  |        0|   4|   9|    0|   100|    4|     1|          400|
    |buf0_134_U  |buf0_RAM_AUTO_1R1W  |        0|   4|   9|    0|   100|    4|     1|          400|
    |buf0_135_U  |buf0_RAM_AUTO_1R1W  |        0|   4|   9|    0|   100|    4|     1|          400|
    |buf0_136_U  |buf0_RAM_AUTO_1R1W  |        0|   4|   9|    0|   100|    4|     1|          400|
    |buf0_137_U  |buf0_RAM_AUTO_1R1W  |        0|   4|   9|    0|   100|    4|     1|          400|
    |buf0_138_U  |buf0_RAM_AUTO_1R1W  |        0|   4|   9|    0|   100|    4|     1|          400|
    |buf0_139_U  |buf0_RAM_AUTO_1R1W  |        0|   4|   9|    0|   100|    4|     1|          400|
    |buf0_140_U  |buf0_RAM_AUTO_1R1W  |        0|   4|   9|    0|   100|    4|     1|          400|
    |buf0_141_U  |buf0_RAM_AUTO_1R1W  |        0|   4|   9|    0|   100|    4|     1|          400|
    |buf0_142_U  |buf0_RAM_AUTO_1R1W  |        0|   4|   9|    0|   100|    4|     1|          400|
    |buf0_143_U  |buf0_RAM_AUTO_1R1W  |        0|   4|   9|    0|   100|    4|     1|          400|
    |buf0_144_U  |buf0_RAM_AUTO_1R1W  |        0|   4|   9|    0|   100|    4|     1|          400|
    |buf0_145_U  |buf0_RAM_AUTO_1R1W  |        0|   4|   9|    0|   100|    4|     1|          400|
    |buf0_146_U  |buf0_RAM_AUTO_1R1W  |        0|   4|   9|    0|   100|    4|     1|          400|
    |buf0_147_U  |buf0_RAM_AUTO_1R1W  |        0|   4|   9|    0|   100|    4|     1|          400|
    |buf0_148_U  |buf0_RAM_AUTO_1R1W  |        0|   4|   9|    0|   100|    4|     1|          400|
    |buf0_149_U  |buf0_RAM_AUTO_1R1W  |        0|   4|   9|    0|   100|    4|     1|          400|
    |buf0_150_U  |buf0_RAM_AUTO_1R1W  |        0|   4|   9|    0|   100|    4|     1|          400|
    |buf0_151_U  |buf0_RAM_AUTO_1R1W  |        0|   4|   9|    0|   100|    4|     1|          400|
    |buf0_152_U  |buf0_RAM_AUTO_1R1W  |        0|   4|   9|    0|   100|    4|     1|          400|
    |buf0_153_U  |buf0_RAM_AUTO_1R1W  |        0|   4|   9|    0|   100|    4|     1|          400|
    |buf0_154_U  |buf0_RAM_AUTO_1R1W  |        0|   4|   9|    0|   100|    4|     1|          400|
    |buf0_155_U  |buf0_RAM_AUTO_1R1W  |        0|   4|   9|    0|   100|    4|     1|          400|
    |buf0_156_U  |buf0_RAM_AUTO_1R1W  |        0|   4|   9|    0|   100|    4|     1|          400|
    |buf0_157_U  |buf0_RAM_AUTO_1R1W  |        0|   4|   9|    0|   100|    4|     1|          400|
    |buf0_158_U  |buf0_RAM_AUTO_1R1W  |        0|   4|   9|    0|   100|    4|     1|          400|
    |buf0_159_U  |buf0_RAM_AUTO_1R1W  |        0|   4|   9|    0|   100|    4|     1|          400|
    |buf0_160_U  |buf0_RAM_AUTO_1R1W  |        0|   4|   9|    0|   100|    4|     1|          400|
    |buf0_161_U  |buf0_RAM_AUTO_1R1W  |        0|   4|   9|    0|   100|    4|     1|          400|
    |buf0_162_U  |buf0_RAM_AUTO_1R1W  |        0|   4|   9|    0|   100|    4|     1|          400|
    |buf0_163_U  |buf0_RAM_AUTO_1R1W  |        0|   4|   9|    0|   100|    4|     1|          400|
    |buf0_164_U  |buf0_RAM_AUTO_1R1W  |        0|   4|   9|    0|   100|    4|     1|          400|
    |buf0_165_U  |buf0_RAM_AUTO_1R1W  |        0|   4|   9|    0|   100|    4|     1|          400|
    |buf0_166_U  |buf0_RAM_AUTO_1R1W  |        0|   4|   9|    0|   100|    4|     1|          400|
    |buf0_167_U  |buf0_RAM_AUTO_1R1W  |        0|   4|   9|    0|   100|    4|     1|          400|
    |buf0_168_U  |buf0_RAM_AUTO_1R1W  |        0|   4|   9|    0|   100|    4|     1|          400|
    |buf0_169_U  |buf0_RAM_AUTO_1R1W  |        0|   4|   9|    0|   100|    4|     1|          400|
    |buf0_170_U  |buf0_RAM_AUTO_1R1W  |        0|   4|   9|    0|   100|    4|     1|          400|
    |buf0_171_U  |buf0_RAM_AUTO_1R1W  |        0|   4|   9|    0|   100|    4|     1|          400|
    |buf0_172_U  |buf0_RAM_AUTO_1R1W  |        0|   4|   9|    0|   100|    4|     1|          400|
    |buf0_173_U  |buf0_RAM_AUTO_1R1W  |        0|   4|   9|    0|   100|    4|     1|          400|
    |buf0_174_U  |buf0_RAM_AUTO_1R1W  |        0|   4|   9|    0|   100|    4|     1|          400|
    |buf0_175_U  |buf0_RAM_AUTO_1R1W  |        0|   4|   9|    0|   100|    4|     1|          400|
    |buf0_176_U  |buf0_RAM_AUTO_1R1W  |        0|   4|   9|    0|   100|    4|     1|          400|
    |buf0_177_U  |buf0_RAM_AUTO_1R1W  |        0|   4|   9|    0|   100|    4|     1|          400|
    |buf0_178_U  |buf0_RAM_AUTO_1R1W  |        0|   4|   9|    0|   100|    4|     1|          400|
    |buf0_179_U  |buf0_RAM_AUTO_1R1W  |        0|   4|   9|    0|   100|    4|     1|          400|
    |buf0_180_U  |buf0_RAM_AUTO_1R1W  |        0|   4|   9|    0|   100|    4|     1|          400|
    |buf0_181_U  |buf0_RAM_AUTO_1R1W  |        0|   4|   9|    0|   100|    4|     1|          400|
    |buf0_182_U  |buf0_RAM_AUTO_1R1W  |        0|   4|   9|    0|   100|    4|     1|          400|
    |buf0_183_U  |buf0_RAM_AUTO_1R1W  |        0|   4|   9|    0|   100|    4|     1|          400|
    |buf0_184_U  |buf0_RAM_AUTO_1R1W  |        0|   4|   9|    0|   100|    4|     1|          400|
    |buf0_185_U  |buf0_RAM_AUTO_1R1W  |        0|   4|   9|    0|   100|    4|     1|          400|
    |buf0_186_U  |buf0_RAM_AUTO_1R1W  |        0|   4|   9|    0|   100|    4|     1|          400|
    |buf0_187_U  |buf0_RAM_AUTO_1R1W  |        0|   4|   9|    0|   100|    4|     1|          400|
    |buf0_188_U  |buf0_RAM_AUTO_1R1W  |        0|   4|   9|    0|   100|    4|     1|          400|
    |buf0_189_U  |buf0_RAM_AUTO_1R1W  |        0|   4|   9|    0|   100|    4|     1|          400|
    |buf0_190_U  |buf0_RAM_AUTO_1R1W  |        0|   4|   9|    0|   100|    4|     1|          400|
    |buf0_191_U  |buf0_RAM_AUTO_1R1W  |        0|   4|   9|    0|   100|    4|     1|          400|
    |buf0_192_U  |buf0_RAM_AUTO_1R1W  |        0|   4|   9|    0|   100|    4|     1|          400|
    |buf0_193_U  |buf0_RAM_AUTO_1R1W  |        0|   4|   9|    0|   100|    4|     1|          400|
    |buf0_194_U  |buf0_RAM_AUTO_1R1W  |        0|   4|   9|    0|   100|    4|     1|          400|
    |buf0_195_U  |buf0_RAM_AUTO_1R1W  |        0|   4|   9|    0|   100|    4|     1|          400|
    |buf0_196_U  |buf0_RAM_AUTO_1R1W  |        0|   4|   9|    0|   100|    4|     1|          400|
    |buf0_197_U  |buf0_RAM_AUTO_1R1W  |        0|   4|   9|    0|   100|    4|     1|          400|
    |buf0_198_U  |buf0_RAM_AUTO_1R1W  |        0|   4|   9|    0|   100|    4|     1|          400|
    |buf0_199_U  |buf0_RAM_AUTO_1R1W  |        0|   4|   9|    0|   100|    4|     1|          400|
    |buf0_200_U  |buf0_RAM_AUTO_1R1W  |        0|   4|   9|    0|   100|    4|     1|          400|
    |buf0_201_U  |buf0_RAM_AUTO_1R1W  |        0|   4|   9|    0|   100|    4|     1|          400|
    |buf0_202_U  |buf0_RAM_AUTO_1R1W  |        0|   4|   9|    0|   100|    4|     1|          400|
    |buf0_203_U  |buf0_RAM_AUTO_1R1W  |        0|   4|   9|    0|   100|    4|     1|          400|
    |buf0_204_U  |buf0_RAM_AUTO_1R1W  |        0|   4|   9|    0|   100|    4|     1|          400|
    |buf0_205_U  |buf0_RAM_AUTO_1R1W  |        0|   4|   9|    0|   100|    4|     1|          400|
    |buf0_206_U  |buf0_RAM_AUTO_1R1W  |        0|   4|   9|    0|   100|    4|     1|          400|
    |buf0_207_U  |buf0_RAM_AUTO_1R1W  |        0|   4|   9|    0|   100|    4|     1|          400|
    |buf0_208_U  |buf0_RAM_AUTO_1R1W  |        0|   4|   9|    0|   100|    4|     1|          400|
    |buf0_209_U  |buf0_RAM_AUTO_1R1W  |        0|   4|   9|    0|   100|    4|     1|          400|
    |buf0_210_U  |buf0_RAM_AUTO_1R1W  |        0|   4|   9|    0|   100|    4|     1|          400|
    |buf0_211_U  |buf0_RAM_AUTO_1R1W  |        0|   4|   9|    0|   100|    4|     1|          400|
    |buf0_212_U  |buf0_RAM_AUTO_1R1W  |        0|   4|   9|    0|   100|    4|     1|          400|
    |buf0_213_U  |buf0_RAM_AUTO_1R1W  |        0|   4|   9|    0|   100|    4|     1|          400|
    |buf0_214_U  |buf0_RAM_AUTO_1R1W  |        0|   4|   9|    0|   100|    4|     1|          400|
    |buf0_215_U  |buf0_RAM_AUTO_1R1W  |        0|   4|   9|    0|   100|    4|     1|          400|
    |buf0_216_U  |buf0_RAM_AUTO_1R1W  |        0|   4|   9|    0|   100|    4|     1|          400|
    |buf0_217_U  |buf0_RAM_AUTO_1R1W  |        0|   4|   9|    0|   100|    4|     1|          400|
    |buf0_218_U  |buf0_RAM_AUTO_1R1W  |        0|   4|   9|    0|   100|    4|     1|          400|
    |buf0_219_U  |buf0_RAM_AUTO_1R1W  |        0|   4|   9|    0|   100|    4|     1|          400|
    |buf0_220_U  |buf0_RAM_AUTO_1R1W  |        0|   4|   9|    0|   100|    4|     1|          400|
    |buf0_221_U  |buf0_RAM_AUTO_1R1W  |        0|   4|   9|    0|   100|    4|     1|          400|
    |buf0_222_U  |buf0_RAM_AUTO_1R1W  |        0|   4|   9|    0|   100|    4|     1|          400|
    |buf0_223_U  |buf0_RAM_AUTO_1R1W  |        0|   4|   9|    0|   100|    4|     1|          400|
    |buf0_224_U  |buf0_RAM_AUTO_1R1W  |        0|   4|   9|    0|   100|    4|     1|          400|
    |buf0_225_U  |buf0_RAM_AUTO_1R1W  |        0|   4|   9|    0|   100|    4|     1|          400|
    |buf0_226_U  |buf0_RAM_AUTO_1R1W  |        0|   4|   9|    0|   100|    4|     1|          400|
    |buf0_227_U  |buf0_RAM_AUTO_1R1W  |        0|   4|   9|    0|   100|    4|     1|          400|
    |buf0_228_U  |buf0_RAM_AUTO_1R1W  |        0|   4|   9|    0|   100|    4|     1|          400|
    |buf0_229_U  |buf0_RAM_AUTO_1R1W  |        0|   4|   9|    0|   100|    4|     1|          400|
    |buf0_230_U  |buf0_RAM_AUTO_1R1W  |        0|   4|   9|    0|   100|    4|     1|          400|
    |buf0_231_U  |buf0_RAM_AUTO_1R1W  |        0|   4|   9|    0|   100|    4|     1|          400|
    |buf0_232_U  |buf0_RAM_AUTO_1R1W  |        0|   4|   9|    0|   100|    4|     1|          400|
    |buf0_233_U  |buf0_RAM_AUTO_1R1W  |        0|   4|   9|    0|   100|    4|     1|          400|
    |buf0_234_U  |buf0_RAM_AUTO_1R1W  |        0|   4|   9|    0|   100|    4|     1|          400|
    |buf0_235_U  |buf0_RAM_AUTO_1R1W  |        0|   4|   9|    0|   100|    4|     1|          400|
    |buf0_236_U  |buf0_RAM_AUTO_1R1W  |        0|   4|   9|    0|   100|    4|     1|          400|
    |buf0_237_U  |buf0_RAM_AUTO_1R1W  |        0|   4|   9|    0|   100|    4|     1|          400|
    |buf0_238_U  |buf0_RAM_AUTO_1R1W  |        0|   4|   9|    0|   100|    4|     1|          400|
    |buf0_239_U  |buf0_RAM_AUTO_1R1W  |        0|   4|   9|    0|   100|    4|     1|          400|
    |buf0_240_U  |buf0_RAM_AUTO_1R1W  |        0|   4|   9|    0|   100|    4|     1|          400|
    |buf0_241_U  |buf0_RAM_AUTO_1R1W  |        0|   4|   9|    0|   100|    4|     1|          400|
    |buf0_242_U  |buf0_RAM_AUTO_1R1W  |        0|   4|   9|    0|   100|    4|     1|          400|
    |buf0_243_U  |buf0_RAM_AUTO_1R1W  |        0|   4|   9|    0|   100|    4|     1|          400|
    |buf0_244_U  |buf0_RAM_AUTO_1R1W  |        0|   4|   9|    0|   100|    4|     1|          400|
    |buf0_245_U  |buf0_RAM_AUTO_1R1W  |        0|   4|   9|    0|   100|    4|     1|          400|
    |buf0_246_U  |buf0_RAM_AUTO_1R1W  |        0|   4|   9|    0|   100|    4|     1|          400|
    |buf0_247_U  |buf0_RAM_AUTO_1R1W  |        0|   4|   9|    0|   100|    4|     1|          400|
    |buf0_248_U  |buf0_RAM_AUTO_1R1W  |        0|   4|   9|    0|   100|    4|     1|          400|
    |buf0_249_U  |buf0_RAM_AUTO_1R1W  |        0|   4|   9|    0|   100|    4|     1|          400|
    |buf0_250_U  |buf0_RAM_AUTO_1R1W  |        0|   4|   9|    0|   100|    4|     1|          400|
    |buf0_251_U  |buf0_RAM_AUTO_1R1W  |        0|   4|   9|    0|   100|    4|     1|          400|
    |buf0_252_U  |buf0_RAM_AUTO_1R1W  |        0|   4|   9|    0|   100|    4|     1|          400|
    |buf0_253_U  |buf0_RAM_AUTO_1R1W  |        0|   4|   9|    0|   100|    4|     1|          400|
    |buf0_254_U  |buf0_RAM_AUTO_1R1W  |        0|   4|   9|    0|   100|    4|     1|          400|
    |buf0_255_U  |buf0_RAM_AUTO_1R1W  |        0|   4|   9|    0|   100|    4|     1|          400|
    |buf0_256_U  |buf0_RAM_AUTO_1R1W  |        0|   4|   9|    0|   100|    4|     1|          400|
    |buf0_257_U  |buf0_RAM_AUTO_1R1W  |        0|   4|   9|    0|   100|    4|     1|          400|
    |buf0_258_U  |buf0_RAM_AUTO_1R1W  |        0|   4|   9|    0|   100|    4|     1|          400|
    |buf0_259_U  |buf0_RAM_AUTO_1R1W  |        0|   4|   9|    0|   100|    4|     1|          400|
    |buf0_260_U  |buf0_RAM_AUTO_1R1W  |        0|   4|   9|    0|   100|    4|     1|          400|
    |buf0_261_U  |buf0_RAM_AUTO_1R1W  |        0|   4|   9|    0|   100|    4|     1|          400|
    |buf0_262_U  |buf0_RAM_AUTO_1R1W  |        0|   4|   9|    0|   100|    4|     1|          400|
    |buf0_263_U  |buf0_RAM_AUTO_1R1W  |        0|   4|   9|    0|   100|    4|     1|          400|
    |buf0_264_U  |buf0_RAM_AUTO_1R1W  |        0|   4|   9|    0|   100|    4|     1|          400|
    |buf0_265_U  |buf0_RAM_AUTO_1R1W  |        0|   4|   9|    0|   100|    4|     1|          400|
    |buf0_266_U  |buf0_RAM_AUTO_1R1W  |        0|   4|   9|    0|   100|    4|     1|          400|
    |buf0_267_U  |buf0_RAM_AUTO_1R1W  |        0|   4|   9|    0|   100|    4|     1|          400|
    |buf0_268_U  |buf0_RAM_AUTO_1R1W  |        0|   4|   9|    0|   100|    4|     1|          400|
    |buf0_269_U  |buf0_RAM_AUTO_1R1W  |        0|   4|   9|    0|   100|    4|     1|          400|
    |buf0_270_U  |buf0_RAM_AUTO_1R1W  |        0|   4|   9|    0|   100|    4|     1|          400|
    |buf0_271_U  |buf0_RAM_AUTO_1R1W  |        0|   4|   9|    0|   100|    4|     1|          400|
    |buf0_272_U  |buf0_RAM_AUTO_1R1W  |        0|   4|   9|    0|   100|    4|     1|          400|
    |buf0_273_U  |buf0_RAM_AUTO_1R1W  |        0|   4|   9|    0|   100|    4|     1|          400|
    |buf0_274_U  |buf0_RAM_AUTO_1R1W  |        0|   4|   9|    0|   100|    4|     1|          400|
    |buf0_275_U  |buf0_RAM_AUTO_1R1W  |        0|   4|   9|    0|   100|    4|     1|          400|
    |buf0_276_U  |buf0_RAM_AUTO_1R1W  |        0|   4|   9|    0|   100|    4|     1|          400|
    |buf0_277_U  |buf0_RAM_AUTO_1R1W  |        0|   4|   9|    0|   100|    4|     1|          400|
    |buf0_278_U  |buf0_RAM_AUTO_1R1W  |        0|   4|   9|    0|   100|    4|     1|          400|
    |buf0_279_U  |buf0_RAM_AUTO_1R1W  |        0|   4|   9|    0|   100|    4|     1|          400|
    |buf0_280_U  |buf0_RAM_AUTO_1R1W  |        0|   4|   9|    0|   100|    4|     1|          400|
    |buf0_281_U  |buf0_RAM_AUTO_1R1W  |        0|   4|   9|    0|   100|    4|     1|          400|
    |buf0_282_U  |buf0_RAM_AUTO_1R1W  |        0|   4|   9|    0|   100|    4|     1|          400|
    |buf0_283_U  |buf0_RAM_AUTO_1R1W  |        0|   4|   9|    0|   100|    4|     1|          400|
    |buf0_284_U  |buf0_RAM_AUTO_1R1W  |        0|   4|   9|    0|   100|    4|     1|          400|
    |buf0_285_U  |buf0_RAM_AUTO_1R1W  |        0|   4|   9|    0|   100|    4|     1|          400|
    |buf0_286_U  |buf0_RAM_AUTO_1R1W  |        0|   4|   9|    0|   100|    4|     1|          400|
    |buf0_287_U  |buf0_RAM_AUTO_1R1W  |        0|   4|   9|    0|   100|    4|     1|          400|
    |buf0_288_U  |buf0_RAM_AUTO_1R1W  |        0|   4|   9|    0|   100|    4|     1|          400|
    |buf0_289_U  |buf0_RAM_AUTO_1R1W  |        0|   4|   9|    0|   100|    4|     1|          400|
    |buf0_290_U  |buf0_RAM_AUTO_1R1W  |        0|   4|   9|    0|   100|    4|     1|          400|
    |buf0_291_U  |buf0_RAM_AUTO_1R1W  |        0|   4|   9|    0|   100|    4|     1|          400|
    |buf0_292_U  |buf0_RAM_AUTO_1R1W  |        0|   4|   9|    0|   100|    4|     1|          400|
    |buf0_293_U  |buf0_RAM_AUTO_1R1W  |        0|   4|   9|    0|   100|    4|     1|          400|
    |buf0_294_U  |buf0_RAM_AUTO_1R1W  |        0|   4|   9|    0|   100|    4|     1|          400|
    |buf0_295_U  |buf0_RAM_AUTO_1R1W  |        0|   4|   9|    0|   100|    4|     1|          400|
    |buf0_296_U  |buf0_RAM_AUTO_1R1W  |        0|   4|   9|    0|   100|    4|     1|          400|
    |buf0_297_U  |buf0_RAM_AUTO_1R1W  |        0|   4|   9|    0|   100|    4|     1|          400|
    |buf0_298_U  |buf0_RAM_AUTO_1R1W  |        0|   4|   9|    0|   100|    4|     1|          400|
    |buf0_299_U  |buf0_RAM_AUTO_1R1W  |        0|   4|   9|    0|   100|    4|     1|          400|
    +------------+--------------------+---------+----+----+-----+------+-----+------+-------------+
    |Total       |                    |        0|1200|2700|    0| 30000| 1200|   300|       120000|
    +------------+--------------------+---------+----+----+-----+------+-----+------+-------------+

    * FIFO: 
    N/A

    * Expression: 
    +----------------------------+----------+----+---+----+------------+------------+
    |        Variable Name       | Operation| DSP| FF| LUT| Bitwidth P0| Bitwidth P1|
    +----------------------------+----------+----+---+----+------------+------------+
    |add_ln182_1_fu_46566_p2     |         +|   0|  0|  22|          15|           1|
    |add_ln182_fu_46578_p2       |         +|   0|  0|  14|           7|           1|
    |add_ln214_1_fu_41094_p2     |         +|   0|  0|  14|           7|           1|
    |add_ln214_fu_40858_p2       |         +|   0|  0|  16|           9|           1|
    |add_ln217_fu_46222_p2       |         +|   0|  0|  16|           9|           7|
    |store_res0_l_1_fu_46560_p2  |         +|   0|  0|  16|           9|           1|
    |and_ln130_fu_40942_p2       |       and|   0|  0|   2|           1|           1|
    |and_ln135_fu_40954_p2       |       and|   0|  0|   2|           1|           1|
    |and_ln140_fu_40988_p2       |       and|   0|  0|   2|           1|           1|
    |and_ln145_fu_41000_p2       |       and|   0|  0|   2|           1|           1|
    |and_ln150_fu_41034_p2       |       and|   0|  0|   2|           1|           1|
    |and_ln155_fu_41046_p2       |       and|   0|  0|   2|           1|           1|
    |ap_block_pp0_stage0_11001   |       and|   0|  0|   2|           1|           1|
    |icmp_ln182_fu_46584_p2      |      icmp|   0|  0|  12|          15|          13|
    |icmp_ln183_fu_46572_p2      |      icmp|   0|  0|  11|           9|           9|
    |icmp_ln214_fu_40852_p2      |      icmp|   0|  0|  11|           9|           9|
    |icmp_ln217_fu_41080_p2      |      icmp|   0|  0|  11|           9|           9|
    |v101_fu_40914_p2            |      icmp|   0|  0|  20|          32|           3|
    |v87_fu_40872_p2             |      icmp|   0|  0|  20|          32|          10|
    |v89_fu_40878_p2             |      icmp|   0|  0|  20|          32|           9|
    |v91_fu_40884_p2             |      icmp|   0|  0|  20|          32|           8|
    |v93_fu_40890_p2             |      icmp|   0|  0|  20|          32|           7|
    |v95_fu_40896_p2             |      icmp|   0|  0|  20|          32|           6|
    |v97_fu_40902_p2             |      icmp|   0|  0|  20|          32|           5|
    |v99_fu_40908_p2             |      icmp|   0|  0|  20|          32|           4|
    |or_ln135_fu_40968_p2        |        or|   0|  0|   2|           1|           1|
    |or_ln145_fu_41014_p2        |        or|   0|  0|   2|           1|           1|
    |or_ln155_fu_41060_p2        |        or|   0|  0|   2|           1|           1|
    |ans_fu_41066_p3             |    select|   0|  0|   4|           1|           4|
    |select_ln125_1_fu_40928_p3  |    select|   0|  0|   5|           1|           4|
    |select_ln125_fu_40920_p3    |    select|   0|  0|   3|           1|           1|
    |select_ln135_1_fu_40974_p3  |    select|   0|  0|   4|           1|           4|
    |select_ln135_fu_40960_p3    |    select|   0|  0|   2|           1|           2|
    |select_ln145_1_fu_41020_p3  |    select|   0|  0|   4|           1|           4|
    |select_ln145_fu_41006_p3    |    select|   0|  0|   3|           1|           3|
    |select_ln155_fu_41052_p3    |    select|   0|  0|   3|           1|           3|
    |select_ln182_fu_46240_p3    |    select|   0|  0|   9|           1|           1|
    |select_ln214_1_fu_41100_p3  |    select|   0|  0|   7|           1|           7|
    |select_ln214_fu_41086_p3    |    select|   0|  0|   9|           1|           9|
    |store_res0_l_0_fu_46248_p3  |    select|   0|  0|   7|           1|           7|
    |ap_enable_pp0               |       xor|   0|  0|   2|           1|           2|
    |xor_ln125_fu_40936_p2       |       xor|   0|  0|   2|           1|           2|
    |xor_ln130_fu_40948_p2       |       xor|   0|  0|   2|           1|           2|
    |xor_ln135_fu_40982_p2       |       xor|   0|  0|   2|           1|           2|
    |xor_ln140_fu_40994_p2       |       xor|   0|  0|   2|           1|           2|
    |xor_ln145_fu_41028_p2       |       xor|   0|  0|   2|           1|           2|
    |xor_ln150_fu_41040_p2       |       xor|   0|  0|   2|           1|           2|
    +----------------------------+----------+----+---+----+------------+------------+
    |Total                       |          |   0|  0| 397|         383|         177|
    +----------------------------+----------+----+---+----+------------+------------+

    * Multiplexer: 
    +---------------------------------------------------+-----+-----------+-----+-----------+
    |                        Name                       | LUT | Input Size| Bits| Total Bits|
    +---------------------------------------------------+-----+-----------+-----+-----------+
    |add_ln1825413_reg_40774                            |    9|          2|    7|         14|
    |ap_NS_fsm                                          |   65|         14|    1|         14|
    |ap_enable_reg_pp0_iter2                            |    9|          2|    1|          2|
    |ap_phi_mux_add_ln1825413_phi_fu_40778_p4           |    9|          2|    7|         14|
    |ap_phi_mux_icmp_ln1835412_phi_fu_40789_p4          |    9|          2|    1|          2|
    |ap_phi_mux_indvar_flatten54065409_phi_fu_40822_p4  |    9|          2|   15|         30|
    |ap_phi_mux_store_res0_l_05410_phi_fu_40811_p4      |    9|          2|    7|         14|
    |ap_phi_mux_store_res0_l_15411_phi_fu_40800_p4      |    9|          2|    9|         18|
    |buf0_100_address0                                  |  134|         27|    7|        189|
    |buf0_101_address0                                  |  134|         27|    7|        189|
    |buf0_102_address0                                  |  134|         27|    7|        189|
    |buf0_103_address0                                  |  134|         27|    7|        189|
    |buf0_104_address0                                  |  134|         27|    7|        189|
    |buf0_105_address0                                  |  134|         27|    7|        189|
    |buf0_106_address0                                  |  134|         27|    7|        189|
    |buf0_107_address0                                  |  134|         27|    7|        189|
    |buf0_108_address0                                  |  134|         27|    7|        189|
    |buf0_109_address0                                  |  134|         27|    7|        189|
    |buf0_10_address0                                   |   26|          5|    7|         35|
    |buf0_110_address0                                  |  134|         27|    7|        189|
    |buf0_111_address0                                  |  134|         27|    7|        189|
    |buf0_112_address0                                  |  134|         27|    7|        189|
    |buf0_113_address0                                  |  134|         27|    7|        189|
    |buf0_114_address0                                  |  134|         27|    7|        189|
    |buf0_115_address0                                  |  134|         27|    7|        189|
    |buf0_116_address0                                  |  134|         27|    7|        189|
    |buf0_117_address0                                  |  134|         27|    7|        189|
    |buf0_118_address0                                  |  134|         27|    7|        189|
    |buf0_119_address0                                  |  134|         27|    7|        189|
    |buf0_11_address0                                   |   26|          5|    7|         35|
    |buf0_120_address0                                  |  134|         27|    7|        189|
    |buf0_121_address0                                  |  134|         27|    7|        189|
    |buf0_122_address0                                  |  134|         27|    7|        189|
    |buf0_123_address0                                  |  134|         27|    7|        189|
    |buf0_124_address0                                  |  134|         27|    7|        189|
    |buf0_125_address0                                  |  134|         27|    7|        189|
    |buf0_126_address0                                  |  134|         27|    7|        189|
    |buf0_127_address0                                  |  134|         27|    7|        189|
    |buf0_128_address0                                  |  134|         27|    7|        189|
    |buf0_129_address0                                  |  134|         27|    7|        189|
    |buf0_12_address0                                   |   31|          6|    7|         42|
    |buf0_130_address0                                  |  134|         27|    7|        189|
    |buf0_131_address0                                  |  134|         27|    7|        189|
    |buf0_132_address0                                  |  134|         27|    7|        189|
    |buf0_133_address0                                  |  134|         27|    7|        189|
    |buf0_134_address0                                  |  134|         27|    7|        189|
    |buf0_135_address0                                  |  134|         27|    7|        189|
    |buf0_136_address0                                  |  134|         27|    7|        189|
    |buf0_137_address0                                  |  134|         27|    7|        189|
    |buf0_138_address0                                  |  134|         27|    7|        189|
    |buf0_139_address0                                  |  134|         27|    7|        189|
    |buf0_13_address0                                   |   31|          6|    7|         42|
    |buf0_140_address0                                  |  134|         27|    7|        189|
    |buf0_141_address0                                  |  134|         27|    7|        189|
    |buf0_142_address0                                  |  134|         27|    7|        189|
    |buf0_143_address0                                  |  134|         27|    7|        189|
    |buf0_144_address0                                  |  134|         27|    7|        189|
    |buf0_145_address0                                  |  134|         27|    7|        189|
    |buf0_146_address0                                  |  134|         27|    7|        189|
    |buf0_147_address0                                  |  134|         27|    7|        189|
    |buf0_148_address0                                  |  134|         27|    7|        189|
    |buf0_149_address0                                  |  134|         27|    7|        189|
    |buf0_14_address0                                   |   31|          6|    7|         42|
    |buf0_150_address0                                  |  134|         27|    7|        189|
    |buf0_151_address0                                  |  134|         27|    7|        189|
    |buf0_152_address0                                  |  134|         27|    7|        189|
    |buf0_153_address0                                  |  134|         27|    7|        189|
    |buf0_154_address0                                  |  134|         27|    7|        189|
    |buf0_155_address0                                  |  134|         27|    7|        189|
    |buf0_156_address0                                  |  134|         27|    7|        189|
    |buf0_157_address0                                  |  134|         27|    7|        189|
    |buf0_158_address0                                  |  134|         27|    7|        189|
    |buf0_159_address0                                  |  134|         27|    7|        189|
    |buf0_15_address0                                   |   31|          6|    7|         42|
    |buf0_160_address0                                  |  134|         27|    7|        189|
    |buf0_161_address0                                  |  134|         27|    7|        189|
    |buf0_162_address0                                  |  134|         27|    7|        189|
    |buf0_163_address0                                  |  134|         27|    7|        189|
    |buf0_164_address0                                  |  134|         27|    7|        189|
    |buf0_165_address0                                  |  134|         27|    7|        189|
    |buf0_166_address0                                  |  134|         27|    7|        189|
    |buf0_167_address0                                  |  134|         27|    7|        189|
    |buf0_168_address0                                  |  134|         27|    7|        189|
    |buf0_169_address0                                  |  134|         27|    7|        189|
    |buf0_16_address0                                   |   37|          7|    7|         49|
    |buf0_170_address0                                  |  134|         27|    7|        189|
    |buf0_171_address0                                  |  134|         27|    7|        189|
    |buf0_172_address0                                  |  134|         27|    7|        189|
    |buf0_173_address0                                  |  134|         27|    7|        189|
    |buf0_174_address0                                  |  134|         27|    7|        189|
    |buf0_175_address0                                  |  134|         27|    7|        189|
    |buf0_176_address0                                  |  134|         27|    7|        189|
    |buf0_177_address0                                  |  134|         27|    7|        189|
    |buf0_178_address0                                  |  134|         27|    7|        189|
    |buf0_179_address0                                  |  134|         27|    7|        189|
    |buf0_17_address0                                   |   37|          7|    7|         49|
    |buf0_180_address0                                  |  134|         27|    7|        189|
    |buf0_181_address0                                  |  134|         27|    7|        189|
    |buf0_182_address0                                  |  134|         27|    7|        189|
    |buf0_183_address0                                  |  134|         27|    7|        189|
    |buf0_184_address0                                  |  134|         27|    7|        189|
    |buf0_185_address0                                  |  134|         27|    7|        189|
    |buf0_186_address0                                  |  134|         27|    7|        189|
    |buf0_187_address0                                  |  134|         27|    7|        189|
    |buf0_188_address0                                  |  134|         27|    7|        189|
    |buf0_189_address0                                  |  134|         27|    7|        189|
    |buf0_18_address0                                   |   37|          7|    7|         49|
    |buf0_190_address0                                  |  134|         27|    7|        189|
    |buf0_191_address0                                  |  134|         27|    7|        189|
    |buf0_192_address0                                  |  134|         27|    7|        189|
    |buf0_193_address0                                  |  134|         27|    7|        189|
    |buf0_194_address0                                  |  134|         27|    7|        189|
    |buf0_195_address0                                  |  134|         27|    7|        189|
    |buf0_196_address0                                  |  134|         27|    7|        189|
    |buf0_197_address0                                  |  134|         27|    7|        189|
    |buf0_198_address0                                  |  134|         27|    7|        189|
    |buf0_199_address0                                  |  134|         27|    7|        189|
    |buf0_19_address0                                   |   37|          7|    7|         49|
    |buf0_1_address0                                    |   14|          3|    7|         21|
    |buf0_200_address0                                  |  134|         27|    7|        189|
    |buf0_201_address0                                  |  134|         27|    7|        189|
    |buf0_202_address0                                  |  134|         27|    7|        189|
    |buf0_203_address0                                  |  134|         27|    7|        189|
    |buf0_204_address0                                  |  129|         26|    7|        182|
    |buf0_205_address0                                  |  129|         26|    7|        182|
    |buf0_206_address0                                  |  129|         26|    7|        182|
    |buf0_207_address0                                  |  129|         26|    7|        182|
    |buf0_208_address0                                  |  123|         25|    7|        175|
    |buf0_209_address0                                  |  123|         25|    7|        175|
    |buf0_20_address0                                   |   43|          8|    7|         56|
    |buf0_210_address0                                  |  123|         25|    7|        175|
    |buf0_211_address0                                  |  123|         25|    7|        175|
    |buf0_212_address0                                  |  118|         24|    7|        168|
    |buf0_213_address0                                  |  118|         24|    7|        168|
    |buf0_214_address0                                  |  118|         24|    7|        168|
    |buf0_215_address0                                  |  118|         24|    7|        168|
    |buf0_216_address0                                  |  113|         23|    7|        161|
    |buf0_217_address0                                  |  113|         23|    7|        161|
    |buf0_218_address0                                  |  113|         23|    7|        161|
    |buf0_219_address0                                  |  113|         23|    7|        161|
    |buf0_21_address0                                   |   43|          8|    7|         56|
    |buf0_220_address0                                  |  107|         22|    7|        154|
    |buf0_221_address0                                  |  107|         22|    7|        154|
    |buf0_222_address0                                  |  107|         22|    7|        154|
    |buf0_223_address0                                  |  107|         22|    7|        154|
    |buf0_224_address0                                  |  102|         21|    7|        147|
    |buf0_225_address0                                  |  102|         21|    7|        147|
    |buf0_226_address0                                  |  102|         21|    7|        147|
    |buf0_227_address0                                  |  102|         21|    7|        147|
    |buf0_228_address0                                  |   97|         20|    7|        140|
    |buf0_229_address0                                  |   97|         20|    7|        140|
    |buf0_22_address0                                   |   43|          8|    7|         56|
    |buf0_230_address0                                  |   97|         20|    7|        140|
    |buf0_231_address0                                  |   97|         20|    7|        140|
    |buf0_232_address0                                  |   91|         19|    7|        133|
    |buf0_233_address0                                  |   91|         19|    7|        133|
    |buf0_234_address0                                  |   91|         19|    7|        133|
    |buf0_235_address0                                  |   91|         19|    7|        133|
    |buf0_236_address0                                  |   86|         18|    7|        126|
    |buf0_237_address0                                  |   86|         18|    7|        126|
    |buf0_238_address0                                  |   86|         18|    7|        126|
    |buf0_239_address0                                  |   86|         18|    7|        126|
    |buf0_23_address0                                   |   43|          8|    7|         56|
    |buf0_240_address0                                  |   81|         17|    7|        119|
    |buf0_241_address0                                  |   81|         17|    7|        119|
    |buf0_242_address0                                  |   81|         17|    7|        119|
    |buf0_243_address0                                  |   81|         17|    7|        119|
    |buf0_244_address0                                  |   65|         16|    7|        112|
    |buf0_245_address0                                  |   65|         16|    7|        112|
    |buf0_246_address0                                  |   65|         16|    7|        112|
    |buf0_247_address0                                  |   65|         16|    7|        112|
    |buf0_248_address0                                  |   65|         15|    7|        105|
    |buf0_249_address0                                  |   65|         15|    7|        105|
    |buf0_24_address0                                   |   49|          9|    7|         63|
    |buf0_250_address0                                  |   65|         15|    7|        105|
    |buf0_251_address0                                  |   65|         15|    7|        105|
    |buf0_252_address0                                  |   65|         14|    7|         98|
    |buf0_253_address0                                  |   65|         14|    7|         98|
    |buf0_254_address0                                  |   65|         14|    7|         98|
    |buf0_255_address0                                  |   65|         14|    7|         98|
    |buf0_256_address0                                  |   65|         13|    7|         91|
    |buf0_257_address0                                  |   65|         13|    7|         91|
    |buf0_258_address0                                  |   65|         13|    7|         91|
    |buf0_259_address0                                  |   65|         13|    7|         91|
    |buf0_25_address0                                   |   49|          9|    7|         63|
    |buf0_260_address0                                  |   65|         12|    7|         84|
    |buf0_261_address0                                  |   65|         12|    7|         84|
    |buf0_262_address0                                  |   65|         12|    7|         84|
    |buf0_263_address0                                  |   65|         12|    7|         84|
    |buf0_264_address0                                  |   59|         11|    7|         77|
    |buf0_265_address0                                  |   59|         11|    7|         77|
    |buf0_266_address0                                  |   59|         11|    7|         77|
    |buf0_267_address0                                  |   59|         11|    7|         77|
    |buf0_268_address0                                  |   54|         10|    7|         70|
    |buf0_269_address0                                  |   54|         10|    7|         70|
    |buf0_26_address0                                   |   49|          9|    7|         63|
    |buf0_270_address0                                  |   54|         10|    7|         70|
    |buf0_271_address0                                  |   54|         10|    7|         70|
    |buf0_272_address0                                  |   49|          9|    7|         63|
    |buf0_273_address0                                  |   49|          9|    7|         63|
    |buf0_274_address0                                  |   49|          9|    7|         63|
    |buf0_275_address0                                  |   49|          9|    7|         63|
    |buf0_276_address0                                  |   43|          8|    7|         56|
    |buf0_277_address0                                  |   43|          8|    7|         56|
    |buf0_278_address0                                  |   43|          8|    7|         56|
    |buf0_279_address0                                  |   43|          8|    7|         56|
    |buf0_27_address0                                   |   49|          9|    7|         63|
    |buf0_280_address0                                  |   37|          7|    7|         49|
    |buf0_281_address0                                  |   37|          7|    7|         49|
    |buf0_282_address0                                  |   37|          7|    7|         49|
    |buf0_283_address0                                  |   37|          7|    7|         49|
    |buf0_284_address0                                  |   31|          6|    7|         42|
    |buf0_285_address0                                  |   31|          6|    7|         42|
    |buf0_286_address0                                  |   31|          6|    7|         42|
    |buf0_287_address0                                  |   31|          6|    7|         42|
    |buf0_288_address0                                  |   26|          5|    7|         35|
    |buf0_289_address0                                  |   26|          5|    7|         35|
    |buf0_28_address0                                   |   54|         10|    7|         70|
    |buf0_290_address0                                  |   26|          5|    7|         35|
    |buf0_291_address0                                  |   26|          5|    7|         35|
    |buf0_292_address0                                  |   20|          4|    7|         28|
    |buf0_293_address0                                  |   20|          4|    7|         28|
    |buf0_294_address0                                  |   20|          4|    7|         28|
    |buf0_295_address0                                  |   20|          4|    7|         28|
    |buf0_296_address0                                  |   14|          3|    7|         21|
    |buf0_297_address0                                  |   14|          3|    7|         21|
    |buf0_298_address0                                  |   14|          3|    7|         21|
    |buf0_299_address0                                  |   14|          3|    7|         21|
    |buf0_29_address0                                   |   54|         10|    7|         70|
    |buf0_2_address0                                    |   14|          3|    7|         21|
    |buf0_30_address0                                   |   54|         10|    7|         70|
    |buf0_31_address0                                   |   54|         10|    7|         70|
    |buf0_32_address0                                   |   59|         11|    7|         77|
    |buf0_33_address0                                   |   59|         11|    7|         77|
    |buf0_34_address0                                   |   59|         11|    7|         77|
    |buf0_35_address0                                   |   59|         11|    7|         77|
    |buf0_36_address0                                   |   65|         12|    7|         84|
    |buf0_37_address0                                   |   65|         12|    7|         84|
    |buf0_38_address0                                   |   65|         12|    7|         84|
    |buf0_39_address0                                   |   65|         12|    7|         84|
    |buf0_3_address0                                    |   14|          3|    7|         21|
    |buf0_40_address0                                   |   65|         13|    7|         91|
    |buf0_41_address0                                   |   65|         13|    7|         91|
    |buf0_42_address0                                   |   65|         13|    7|         91|
    |buf0_43_address0                                   |   65|         13|    7|         91|
    |buf0_44_address0                                   |   65|         14|    7|         98|
    |buf0_45_address0                                   |   65|         14|    7|         98|
    |buf0_46_address0                                   |   65|         14|    7|         98|
    |buf0_47_address0                                   |   65|         14|    7|         98|
    |buf0_48_address0                                   |   65|         15|    7|        105|
    |buf0_49_address0                                   |   65|         15|    7|        105|
    |buf0_4_address0                                    |   20|          4|    7|         28|
    |buf0_50_address0                                   |   65|         15|    7|        105|
    |buf0_51_address0                                   |   65|         15|    7|        105|
    |buf0_52_address0                                   |   65|         16|    7|        112|
    |buf0_53_address0                                   |   65|         16|    7|        112|
    |buf0_54_address0                                   |   65|         16|    7|        112|
    |buf0_55_address0                                   |   65|         16|    7|        112|
    |buf0_56_address0                                   |   81|         17|    7|        119|
    |buf0_57_address0                                   |   81|         17|    7|        119|
    |buf0_58_address0                                   |   81|         17|    7|        119|
    |buf0_59_address0                                   |   81|         17|    7|        119|
    |buf0_5_address0                                    |   20|          4|    7|         28|
    |buf0_60_address0                                   |   86|         18|    7|        126|
    |buf0_61_address0                                   |   86|         18|    7|        126|
    |buf0_62_address0                                   |   86|         18|    7|        126|
    |buf0_63_address0                                   |   86|         18|    7|        126|
    |buf0_64_address0                                   |   91|         19|    7|        133|
    |buf0_65_address0                                   |   91|         19|    7|        133|
    |buf0_66_address0                                   |   91|         19|    7|        133|
    |buf0_67_address0                                   |   91|         19|    7|        133|
    |buf0_68_address0                                   |   97|         20|    7|        140|
    |buf0_69_address0                                   |   97|         20|    7|        140|
    |buf0_6_address0                                    |   20|          4|    7|         28|
    |buf0_70_address0                                   |   97|         20|    7|        140|
    |buf0_71_address0                                   |   97|         20|    7|        140|
    |buf0_72_address0                                   |  102|         21|    7|        147|
    |buf0_73_address0                                   |  102|         21|    7|        147|
    |buf0_74_address0                                   |  102|         21|    7|        147|
    |buf0_75_address0                                   |  102|         21|    7|        147|
    |buf0_76_address0                                   |  107|         22|    7|        154|
    |buf0_77_address0                                   |  107|         22|    7|        154|
    |buf0_78_address0                                   |  107|         22|    7|        154|
    |buf0_79_address0                                   |  107|         22|    7|        154|
    |buf0_7_address0                                    |   20|          4|    7|         28|
    |buf0_80_address0                                   |  113|         23|    7|        161|
    |buf0_81_address0                                   |  113|         23|    7|        161|
    |buf0_82_address0                                   |  113|         23|    7|        161|
    |buf0_83_address0                                   |  113|         23|    7|        161|
    |buf0_84_address0                                   |  118|         24|    7|        168|
    |buf0_85_address0                                   |  118|         24|    7|        168|
    |buf0_86_address0                                   |  118|         24|    7|        168|
    |buf0_87_address0                                   |  118|         24|    7|        168|
    |buf0_88_address0                                   |  123|         25|    7|        175|
    |buf0_89_address0                                   |  123|         25|    7|        175|
    |buf0_8_address0                                    |   26|          5|    7|         35|
    |buf0_90_address0                                   |  123|         25|    7|        175|
    |buf0_91_address0                                   |  123|         25|    7|        175|
    |buf0_92_address0                                   |  129|         26|    7|        182|
    |buf0_93_address0                                   |  129|         26|    7|        182|
    |buf0_94_address0                                   |  129|         26|    7|        182|
    |buf0_95_address0                                   |  129|         26|    7|        182|
    |buf0_96_address0                                   |  134|         27|    7|        189|
    |buf0_97_address0                                   |  134|         27|    7|        189|
    |buf0_98_address0                                   |  134|         27|    7|        189|
    |buf0_99_address0                                   |  134|         27|    7|        189|
    |buf0_9_address0                                    |   26|          5|    7|         35|
    |buf0_address0                                      |   14|          3|    7|         21|
    |c_fu_236                                           |    9|          2|    9|         18|
    |gmem0_blk_n_AW                                     |    9|          2|    1|          2|
    |gmem0_blk_n_B                                      |    9|          2|    1|          2|
    |gmem0_blk_n_W                                      |    9|          2|    1|          2|
    |icmp_ln1835412_reg_40785                           |    9|          2|    1|          2|
    |indvar_flatten54065409_reg_40818                   |    9|          2|   15|         30|
    |indvar_flatten_fu_244                              |    9|          2|    9|         18|
    |r_fu_240                                           |    9|          2|    7|         14|
    |store_res0_l_05410_reg_40807                       |    9|          2|    7|         14|
    |store_res0_l_15411_reg_40796                       |    9|          2|    9|         18|
    +---------------------------------------------------+-----+-----------+-----+-----------+
    |Total                                              |28330|       5748| 2208|      40128|
    +---------------------------------------------------+-----+-----------+-----+-----------+

    * Register: 
    +---------------------------------------------------------------------------+----+----+-----+-----------+
    |                                    Name                                   | FF | LUT| Bits| Const Bits|
    +---------------------------------------------------------------------------+----+----+-----+-----------+
    |add_ln1825413_reg_40774                                                    |   7|   0|    7|          0|
    |add_ln182_1_reg_50273                                                      |  15|   0|   15|          0|
    |add_ln182_reg_50283                                                        |   7|   0|    7|          0|
    |add_ln214_reg_48430                                                        |   9|   0|    9|          0|
    |ans_reg_48441                                                              |   4|   0|    4|          0|
    |ap_CS_fsm                                                                  |  13|   0|   13|          0|
    |ap_enable_reg_pp0_iter0                                                    |   1|   0|    1|          0|
    |ap_enable_reg_pp0_iter1                                                    |   1|   0|    1|          0|
    |ap_enable_reg_pp0_iter2                                                    |   1|   0|    1|          0|
    |c_fu_236                                                                   |   9|   0|    9|          0|
    |gmem0_addr_reg_48435                                                       |  64|   0|   64|          0|
    |grp_mandelbrot_compute_Pipeline_l_S_count1_0_count1_fu_40829_ap_start_reg  |   1|   0|    1|          0|
    |icmp_ln182_reg_50288                                                       |   1|   0|    1|          0|
    |icmp_ln1835412_reg_40785                                                   |   1|   0|    1|          0|
    |icmp_ln183_reg_50278                                                       |   1|   0|    1|          0|
    |indvar_flatten54065409_reg_40818                                           |  15|   0|   15|          0|
    |indvar_flatten_fu_244                                                      |   9|   0|    9|          0|
    |r_fu_240                                                                   |   7|   0|    7|          0|
    |select_ln182_reg_48758                                                     |   9|   0|    9|          0|
    |select_ln214_1_reg_48750                                                   |   7|   0|    7|          0|
    |select_ln214_reg_48745                                                     |   9|   0|    9|          0|
    |store_res0_l_05410_reg_40807                                               |   7|   0|    7|          0|
    |store_res0_l_0_reg_48763                                                   |   7|   0|    7|          0|
    |store_res0_l_15411_reg_40796                                               |   9|   0|    9|          0|
    |store_res0_l_1_reg_50268                                                   |   9|   0|    9|          0|
    |v106_reg_50292                                                             |   8|   0|    8|          0|
    |v107_read_reg_48416                                                        |  64|   0|   64|          0|
    +---------------------------------------------------------------------------+----+----+-----+-----------+
    |Total                                                                      | 295|   0|  295|          0|
    +---------------------------------------------------------------------------+----+----+-----+-----------+



================================================================
== Interface
================================================================
* Summary: 
+-----------------------+-----+-----+------------+--------------------+--------------+
|       RTL Ports       | Dir | Bits|  Protocol  |    Source Object   |    C Type    |
+-----------------------+-----+-----+------------+--------------------+--------------+
|s_axi_control_AWVALID  |   in|    1|       s_axi|             control|        scalar|
|s_axi_control_AWREADY  |  out|    1|       s_axi|             control|        scalar|
|s_axi_control_AWADDR   |   in|    5|       s_axi|             control|        scalar|
|s_axi_control_WVALID   |   in|    1|       s_axi|             control|        scalar|
|s_axi_control_WREADY   |  out|    1|       s_axi|             control|        scalar|
|s_axi_control_WDATA    |   in|   32|       s_axi|             control|        scalar|
|s_axi_control_WSTRB    |   in|    4|       s_axi|             control|        scalar|
|s_axi_control_ARVALID  |   in|    1|       s_axi|             control|        scalar|
|s_axi_control_ARREADY  |  out|    1|       s_axi|             control|        scalar|
|s_axi_control_ARADDR   |   in|    5|       s_axi|             control|        scalar|
|s_axi_control_RVALID   |  out|    1|       s_axi|             control|        scalar|
|s_axi_control_RREADY   |   in|    1|       s_axi|             control|        scalar|
|s_axi_control_RDATA    |  out|   32|       s_axi|             control|        scalar|
|s_axi_control_RRESP    |  out|    2|       s_axi|             control|        scalar|
|s_axi_control_BVALID   |  out|    1|       s_axi|             control|        scalar|
|s_axi_control_BREADY   |   in|    1|       s_axi|             control|        scalar|
|s_axi_control_BRESP    |  out|    2|       s_axi|             control|        scalar|
|ap_clk                 |   in|    1|  ap_ctrl_hs|  mandelbrot_compute|  return value|
|ap_rst_n               |   in|    1|  ap_ctrl_hs|  mandelbrot_compute|  return value|
|ap_start               |   in|    1|  ap_ctrl_hs|  mandelbrot_compute|  return value|
|ap_done                |  out|    1|  ap_ctrl_hs|  mandelbrot_compute|  return value|
|ap_idle                |  out|    1|  ap_ctrl_hs|  mandelbrot_compute|  return value|
|ap_ready               |  out|    1|  ap_ctrl_hs|  mandelbrot_compute|  return value|
|m_axi_gmem0_AWVALID    |  out|    1|       m_axi|               gmem0|       pointer|
|m_axi_gmem0_AWREADY    |   in|    1|       m_axi|               gmem0|       pointer|
|m_axi_gmem0_AWADDR     |  out|   64|       m_axi|               gmem0|       pointer|
|m_axi_gmem0_AWID       |  out|    1|       m_axi|               gmem0|       pointer|
|m_axi_gmem0_AWLEN      |  out|    8|       m_axi|               gmem0|       pointer|
|m_axi_gmem0_AWSIZE     |  out|    3|       m_axi|               gmem0|       pointer|
|m_axi_gmem0_AWBURST    |  out|    2|       m_axi|               gmem0|       pointer|
|m_axi_gmem0_AWLOCK     |  out|    2|       m_axi|               gmem0|       pointer|
|m_axi_gmem0_AWCACHE    |  out|    4|       m_axi|               gmem0|       pointer|
|m_axi_gmem0_AWPROT     |  out|    3|       m_axi|               gmem0|       pointer|
|m_axi_gmem0_AWQOS      |  out|    4|       m_axi|               gmem0|       pointer|
|m_axi_gmem0_AWREGION   |  out|    4|       m_axi|               gmem0|       pointer|
|m_axi_gmem0_AWUSER     |  out|    1|       m_axi|               gmem0|       pointer|
|m_axi_gmem0_WVALID     |  out|    1|       m_axi|               gmem0|       pointer|
|m_axi_gmem0_WREADY     |   in|    1|       m_axi|               gmem0|       pointer|
|m_axi_gmem0_WDATA      |  out|   32|       m_axi|               gmem0|       pointer|
|m_axi_gmem0_WSTRB      |  out|    4|       m_axi|               gmem0|       pointer|
|m_axi_gmem0_WLAST      |  out|    1|       m_axi|               gmem0|       pointer|
|m_axi_gmem0_WID        |  out|    1|       m_axi|               gmem0|       pointer|
|m_axi_gmem0_WUSER      |  out|    1|       m_axi|               gmem0|       pointer|
|m_axi_gmem0_ARVALID    |  out|    1|       m_axi|               gmem0|       pointer|
|m_axi_gmem0_ARREADY    |   in|    1|       m_axi|               gmem0|       pointer|
|m_axi_gmem0_ARADDR     |  out|   64|       m_axi|               gmem0|       pointer|
|m_axi_gmem0_ARID       |  out|    1|       m_axi|               gmem0|       pointer|
|m_axi_gmem0_ARLEN      |  out|    8|       m_axi|               gmem0|       pointer|
|m_axi_gmem0_ARSIZE     |  out|    3|       m_axi|               gmem0|       pointer|
|m_axi_gmem0_ARBURST    |  out|    2|       m_axi|               gmem0|       pointer|
|m_axi_gmem0_ARLOCK     |  out|    2|       m_axi|               gmem0|       pointer|
|m_axi_gmem0_ARCACHE    |  out|    4|       m_axi|               gmem0|       pointer|
|m_axi_gmem0_ARPROT     |  out|    3|       m_axi|               gmem0|       pointer|
|m_axi_gmem0_ARQOS      |  out|    4|       m_axi|               gmem0|       pointer|
|m_axi_gmem0_ARREGION   |  out|    4|       m_axi|               gmem0|       pointer|
|m_axi_gmem0_ARUSER     |  out|    1|       m_axi|               gmem0|       pointer|
|m_axi_gmem0_RVALID     |   in|    1|       m_axi|               gmem0|       pointer|
|m_axi_gmem0_RREADY     |  out|    1|       m_axi|               gmem0|       pointer|
|m_axi_gmem0_RDATA      |   in|   32|       m_axi|               gmem0|       pointer|
|m_axi_gmem0_RLAST      |   in|    1|       m_axi|               gmem0|       pointer|
|m_axi_gmem0_RID        |   in|    1|       m_axi|               gmem0|       pointer|
|m_axi_gmem0_RUSER      |   in|    1|       m_axi|               gmem0|       pointer|
|m_axi_gmem0_RRESP      |   in|    2|       m_axi|               gmem0|       pointer|
|m_axi_gmem0_BVALID     |   in|    1|       m_axi|               gmem0|       pointer|
|m_axi_gmem0_BREADY     |  out|    1|       m_axi|               gmem0|       pointer|
|m_axi_gmem0_BRESP      |   in|    2|       m_axi|               gmem0|       pointer|
|m_axi_gmem0_BID        |   in|    1|       m_axi|               gmem0|       pointer|
|m_axi_gmem0_BUSER      |   in|    1|       m_axi|               gmem0|       pointer|
+-----------------------+-----+-----+------------+--------------------+--------------+

